[17:09:53] [main/INFO]: Loading Minecraft 26.2 with Fabric Loader 0.19.3
[17:09:53] [main/INFO]: Mappings not present!
[17:09:53] [main/INFO]: Loading 4 mods:
	- fabricloader 0.19.3
	   \-- mixinextras 0.5.4
	- java 25
	- minecraft 26.2
[17:09:53] [main/INFO]: SpongePowered MIXIN Subsystem Version=0.8.7 Source=file:/workspaces/Minecraft-Server-2026/Server/libraries/net/fabricmc/sponge-mixin/0.17.3+mixin.0.8.7/sponge-mixin-0.17.3+mixin.0.8.7.jar Service=Knot/Fabric Env=SERVER
[17:10:02] [main/INFO]: Environment: Environment[sessionHost=https://sessionserver.mojang.com, servicesHost=https://api.minecraftservices.com, profilesHost=https://api.mojang.com, name=PROD]
[17:10:06] [main/INFO]: Loaded 1585 recipes
[17:10:06] [main/INFO]: Loaded 1688 advancements
[17:10:06] [Server thread/INFO]: Starting minecraft server version 26.2
[17:10:06] [Server thread/INFO]: Loading properties
[17:10:06] [Server thread/INFO]: Default game type: SURVIVAL
[17:10:06] [Server thread/INFO]: Generating keypair
[17:10:06] [Server thread/INFO]: Starting Minecraft server on *:25565
[17:10:06] [Server thread/WARN]: **** SERVER IS RUNNING IN OFFLINE/INSECURE MODE!
[17:10:06] [Server thread/WARN]: The server will make no attempt to authenticate usernames. Beware.
[17:10:06] [Server thread/WARN]: While this makes the game possible to play without internet access, it also opens up the ability for hackers to connect with any username they choose.
[17:10:06] [Server thread/WARN]: To change this, set "online-mode" to "true" in the server.properties file.
[17:10:06] [Server thread/INFO]: Preparing level "world"
[17:10:07] [Server thread/INFO]: Loading 0 persistent chunks...
[17:10:07] [Server thread/INFO]: Preparing spawn area: 100%
[17:10:07] [Server thread/INFO]: Time elapsed: 14 ms
[17:10:07] [Server thread/INFO]: Done (0.520s)! For help, type "help"
[17:10:07] [Server thread/INFO]: Saving chunks for level 'ServerLevel[world]'/minecraft:overworld
[17:10:07] [Server thread/INFO]: Saving chunks for level 'ServerLevel[world]'/minecraft:the_end
[17:10:07] [Server thread/INFO]: Saving chunks for level 'ServerLevel[world]'/minecraft:the_nether
[17:10:07] [Server thread/INFO]: ThreadedAnvilChunkStorage (world): All chunks are saved
[17:10:07] [Server thread/INFO]: ThreadedAnvilChunkStorage (DIM1): All chunks are saved
[17:10:07] [Server thread/INFO]: ThreadedAnvilChunkStorage (DIM-1): All chunks are saved
[17:10:07] [Server thread/INFO]: ThreadedAnvilChunkStorage: All dimensions are saved
[17:11:07] [Server thread/INFO]: Server empty for 60 seconds, pausing
[17:12:27] [Server thread/INFO]: Stopping the server
[17:12:27] [Server thread/INFO]: Stopping server
[17:12:27] [Server thread/INFO]: Saving players
[17:12:27] [Server thread/INFO]: Saving worlds
[17:12:27] [Server thread/INFO]: Saving chunks for level 'ServerLevel[world]'/minecraft:overworld
[17:12:27] [Server thread/INFO]: Saving chunks for level 'ServerLevel[world]'/minecraft:the_end
[17:12:27] [Server thread/INFO]: Saving chunks for level 'ServerLevel[world]'/minecraft:the_nether
[17:12:27] [Server thread/INFO]: ThreadedAnvilChunkStorage (world): All chunks are saved
[17:12:27] [Server thread/INFO]: ThreadedAnvilChunkStorage (DIM1): All chunks are saved
[17:12:27] [Server thread/INFO]: ThreadedAnvilChunkStorage (DIM-1): All chunks are saved
[17:12:27] [Server thread/INFO]: ThreadedAnvilChunkStorage: All dimensions are saved
